// Jest Snapshot v1, https://goo.gl/fbAQLP

exports[`matches snapshot 1`] = `
<div
  className="hi"
  data-testid="todo-1"
>
  <h1>
     
    wash dishes
     
  </h1>
</div>
`;
